------------------------------------------------------------
TimeQuest Timing Analyzer Summary
------------------------------------------------------------

Type  : Slow 1200mV 85C Model Setup 'inst1|altpll_component|auto_generated|pll1|clk[0]'
Slack : -6.629
TNS   : -438.027

Type  : Slow 1200mV 85C Model Setup 'USBBridge:inst|USBRDn'
Slack : -6.449
TNS   : -549.525

Type  : Slow 1200mV 85C Model Setup 'USBBridge:inst|Z_ALTERA_SYNTHESIZED'
Slack : -2.379
TNS   : -62.700

Type  : Slow 1200mV 85C Model Hold 'inst1|altpll_component|auto_generated|pll1|clk[0]'
Slack : -1.022
TNS   : -12.049

Type  : Slow 1200mV 85C Model Hold 'USBBridge:inst|USBRDn'
Slack : -0.398
TNS   : -2.087

Type  : Slow 1200mV 85C Model Hold 'USBBridge:inst|Z_ALTERA_SYNTHESIZED'
Slack : 1.237
TNS   : 0.000

Type  : Slow 1200mV 85C Model Recovery 'inst1|altpll_component|auto_generated|pll1|clk[0]'
Slack : -2.977
TNS   : -17.079

Type  : Slow 1200mV 85C Model Recovery 'USBBridge:inst|USBRDn'
Slack : -1.916
TNS   : -3.375

Type  : Slow 1200mV 85C Model Removal 'inst1|altpll_component|auto_generated|pll1|clk[0]'
Slack : -0.872
TNS   : -2.183

Type  : Slow 1200mV 85C Model Removal 'USBBridge:inst|USBRDn'
Slack : 1.161
TNS   : 0.000

Type  : Slow 1200mV 85C Model Minimum Pulse Width 'USBBridge:inst|USBRDn'
Slack : -1.487
TNS   : -172.492

Type  : Slow 1200mV 85C Model Minimum Pulse Width 'USBBridge:inst|Z_ALTERA_SYNTHESIZED'
Slack : -1.487
TNS   : -47.584

Type  : Slow 1200mV 85C Model Minimum Pulse Width 'clk_25mhz'
Slack : 19.929
TNS   : 0.000

Type  : Slow 1200mV 85C Model Minimum Pulse Width 'inst1|altpll_component|auto_generated|pll1|clk[0]'
Slack : 499.261
TNS   : 0.000

Type  : Slow 1200mV 0C Model Setup 'inst1|altpll_component|auto_generated|pll1|clk[0]'
Slack : -6.225
TNS   : -419.749

Type  : Slow 1200mV 0C Model Setup 'USBBridge:inst|USBRDn'
Slack : -5.956
TNS   : -514.497

Type  : Slow 1200mV 0C Model Setup 'USBBridge:inst|Z_ALTERA_SYNTHESIZED'
Slack : -2.289
TNS   : -60.131

Type  : Slow 1200mV 0C Model Hold 'inst1|altpll_component|auto_generated|pll1|clk[0]'
Slack : -0.806
TNS   : -10.217

Type  : Slow 1200mV 0C Model Hold 'USBBridge:inst|USBRDn'
Slack : -0.360
TNS   : -1.696

Type  : Slow 1200mV 0C Model Hold 'USBBridge:inst|Z_ALTERA_SYNTHESIZED'
Slack : 1.258
TNS   : 0.000

Type  : Slow 1200mV 0C Model Recovery 'inst1|altpll_component|auto_generated|pll1|clk[0]'
Slack : -2.498
TNS   : -14.334

Type  : Slow 1200mV 0C Model Recovery 'USBBridge:inst|USBRDn'
Slack : -1.679
TNS   : -2.878

Type  : Slow 1200mV 0C Model Removal 'inst1|altpll_component|auto_generated|pll1|clk[0]'
Slack : -0.874
TNS   : -2.223

Type  : Slow 1200mV 0C Model Removal 'USBBridge:inst|USBRDn'
Slack : 1.008
TNS   : 0.000

Type  : Slow 1200mV 0C Model Minimum Pulse Width 'USBBridge:inst|USBRDn'
Slack : -1.487
TNS   : -172.492

Type  : Slow 1200mV 0C Model Minimum Pulse Width 'USBBridge:inst|Z_ALTERA_SYNTHESIZED'
Slack : -1.487
TNS   : -47.584

Type  : Slow 1200mV 0C Model Minimum Pulse Width 'clk_25mhz'
Slack : 19.917
TNS   : 0.000

Type  : Slow 1200mV 0C Model Minimum Pulse Width 'inst1|altpll_component|auto_generated|pll1|clk[0]'
Slack : 498.946
TNS   : 0.000

Type  : Fast 1200mV 0C Model Setup 'inst1|altpll_component|auto_generated|pll1|clk[0]'
Slack : -2.259
TNS   : -130.440

Type  : Fast 1200mV 0C Model Setup 'USBBridge:inst|USBRDn'
Slack : -2.237
TNS   : -181.970

Type  : Fast 1200mV 0C Model Setup 'USBBridge:inst|Z_ALTERA_SYNTHESIZED'
Slack : -0.777
TNS   : -17.300

Type  : Fast 1200mV 0C Model Hold 'inst1|altpll_component|auto_generated|pll1|clk[0]'
Slack : -0.754
TNS   : -12.871

Type  : Fast 1200mV 0C Model Hold 'USBBridge:inst|USBRDn'
Slack : -0.426
TNS   : -15.144

Type  : Fast 1200mV 0C Model Hold 'USBBridge:inst|Z_ALTERA_SYNTHESIZED'
Slack : 0.602
TNS   : 0.000

Type  : Fast 1200mV 0C Model Recovery 'inst1|altpll_component|auto_generated|pll1|clk[0]'
Slack : -1.109
TNS   : -4.545

Type  : Fast 1200mV 0C Model Recovery 'USBBridge:inst|USBRDn'
Slack : -0.445
TNS   : -0.696

Type  : Fast 1200mV 0C Model Removal 'inst1|altpll_component|auto_generated|pll1|clk[0]'
Slack : -0.341
TNS   : -0.852

Type  : Fast 1200mV 0C Model Removal 'USBBridge:inst|USBRDn'
Slack : 0.522
TNS   : 0.000

Type  : Fast 1200mV 0C Model Minimum Pulse Width 'USBBridge:inst|USBRDn'
Slack : -1.000
TNS   : -116.000

Type  : Fast 1200mV 0C Model Minimum Pulse Width 'USBBridge:inst|Z_ALTERA_SYNTHESIZED'
Slack : -1.000
TNS   : -32.000

Type  : Fast 1200mV 0C Model Minimum Pulse Width 'clk_25mhz'
Slack : 19.597
TNS   : 0.000

Type  : Fast 1200mV 0C Model Minimum Pulse Width 'inst1|altpll_component|auto_generated|pll1|clk[0]'
Slack : 499.583
TNS   : 0.000

------------------------------------------------------------
