Flow report for lab
Tue Dec 10 17:49:57 2019
Quartus II Version 9.1 Build 350 03/24/2010 Service Pack 2 SJ Web Edition


---------------------
; Table of Contents ;
---------------------
  1. Legal Notice
  2. Flow Summary
  3. Flow Settings
  4. Flow Non-Default Global Settings
  5. Flow Elapsed Time
  6. Flow OS Summary
  7. Flow Log



----------------
; Legal Notice ;
----------------
Copyright (C) 1991-2010 Altera Corporation
Your use of Altera Corporation's design tools, logic functions 
and other software and tools, and its AMPP partner logic 
functions, and any output files from any of the foregoing 
(including device programming or simulation files), and any 
associated documentation or information are expressly subject 
to the terms and conditions of the Altera Program License 
Subscription Agreement, Altera MegaCore Function License 
Agreement, or other applicable license agreement, including, 
without limitation, that your use is for the sole purpose of 
programming logic devices manufactured by Altera and sold by 
Altera or its authorized distributors.  Please refer to the 
applicable agreement for further details.



+-----------------------------------------------------------------------------------+
; Flow Summary                                                                      ;
+------------------------------------+----------------------------------------------+
; Flow Status                        ; Successful - Tue Dec 10 17:49:57 2019        ;
; Quartus II Version                 ; 9.1 Build 350 03/24/2010 SP 2 SJ Web Edition ;
; Revision Name                      ; lab                                          ;
; Top-level Entity Name              ; lab1                                         ;
; Family                             ; Cyclone III                                  ;
; Device                             ; EP3C5E144C8                                  ;
; Timing Models                      ; Final                                        ;
; Met timing requirements            ; N/A                                          ;
; Total logic elements               ; 739                                          ;
;     Total combinational functions  ; 593                                          ;
;     Dedicated logic registers      ; 285                                          ;
; Total registers                    ; 285                                          ;
; Total pins                         ; 24                                           ;
; Total virtual pins                 ; 0                                            ;
; Total memory bits                  ; 0                                            ;
; Embedded Multiplier 9-bit elements ; 0                                            ;
; Total PLLs                         ; 1                                            ;
+------------------------------------+----------------------------------------------+


+-----------------------------------------+
; Flow Settings                           ;
+-------------------+---------------------+
; Option            ; Setting             ;
+-------------------+---------------------+
; Start date & time ; 12/10/2019 17:49:45 ;
; Main task         ; Compilation         ;
; Revision Name     ; lab                 ;
+-------------------+---------------------+


+----------------------------------------------------------------------------------------------------------------------+
; Flow Non-Default Global Settings                                                                                     ;
+-------------------------------------+---------------------------------+---------------+-------------+----------------+
; Assignment Name                     ; Value                           ; Default Value ; Entity Name ; Section Id     ;
+-------------------------------------+---------------------------------+---------------+-------------+----------------+
; COMPILER_SIGNATURE_ID               ; 228800460517598.157598938512708 ; --            ; --          ; --             ;
; IP_TOOL_NAME                        ; LPM_XOR                         ; --            ; --          ; --             ;
; IP_TOOL_NAME                        ; LPM_ADD_SUB                     ; --            ; --          ; --             ;
; IP_TOOL_NAME                        ; LPM_AND                         ; --            ; --          ; --             ;
; IP_TOOL_NAME                        ; LPM_XOR                         ; --            ; --          ; --             ;
; IP_TOOL_NAME                        ; LPM_OR                          ; --            ; --          ; --             ;
; IP_TOOL_NAME                        ; LPM_ADD_SUB                     ; --            ; --          ; --             ;
; IP_TOOL_NAME                        ; LPM_COUNTER                     ; --            ; --          ; --             ;
; IP_TOOL_NAME                        ; LPM_SHIFTREG                    ; --            ; --          ; --             ;
; IP_TOOL_NAME                        ; LPM_FF                          ; --            ; --          ; --             ;
; IP_TOOL_NAME                        ; LPM_MUX                         ; --            ; --          ; --             ;
; IP_TOOL_NAME                        ; LPM_COUNTER                     ; --            ; --          ; --             ;
; IP_TOOL_VERSION                     ; 9.1                             ; --            ; --          ; --             ;
; IP_TOOL_VERSION                     ; 9.1                             ; --            ; --          ; --             ;
; IP_TOOL_VERSION                     ; 9.1                             ; --            ; --          ; --             ;
; IP_TOOL_VERSION                     ; 9.1                             ; --            ; --          ; --             ;
; IP_TOOL_VERSION                     ; 9.1                             ; --            ; --          ; --             ;
; IP_TOOL_VERSION                     ; 9.1                             ; --            ; --          ; --             ;
; IP_TOOL_VERSION                     ; 9.1                             ; --            ; --          ; --             ;
; IP_TOOL_VERSION                     ; 9.1                             ; --            ; --          ; --             ;
; IP_TOOL_VERSION                     ; 9.1                             ; --            ; --          ; --             ;
; IP_TOOL_VERSION                     ; 9.1                             ; --            ; --          ; --             ;
; IP_TOOL_VERSION                     ; 9.1                             ; --            ; --          ; --             ;
; MAX_CORE_JUNCTION_TEMP              ; 85                              ; --            ; --          ; --             ;
; MIN_CORE_JUNCTION_TEMP              ; 0                               ; --            ; --          ; --             ;
; MISC_FILE                           ; KC1.bsf                         ; --            ; --          ; --             ;
; MISC_FILE                           ; KC1_bb.v                        ; --            ; --          ; --             ;
; MISC_FILE                           ; KC1.cmp                         ; --            ; --          ; --             ;
; MISC_FILE                           ; SM1.bsf                         ; --            ; --          ; --             ;
; MISC_FILE                           ; SM1_bb.v                        ; --            ; --          ; --             ;
; MISC_FILE                           ; SM1.cmp                         ; --            ; --          ; --             ;
; MISC_FILE                           ; KC2.bsf                         ; --            ; --          ; --             ;
; MISC_FILE                           ; KC2_bb.v                        ; --            ; --          ; --             ;
; MISC_FILE                           ; KC2.cmp                         ; --            ; --          ; --             ;
; MISC_FILE                           ; KC4.bsf                         ; --            ; --          ; --             ;
; MISC_FILE                           ; KC4_bb.v                        ; --            ; --          ; --             ;
; MISC_FILE                           ; KC4.cmp                         ; --            ; --          ; --             ;
; MISC_FILE                           ; KC5.tdf                         ; --            ; --          ; --             ;
; MISC_FILE                           ; KC5.bsf                         ; --            ; --          ; --             ;
; MISC_FILE                           ; KC5_bb.v                        ; --            ; --          ; --             ;
; MISC_FILE                           ; KC5.cmp                         ; --            ; --          ; --             ;
; MISC_FILE                           ; SM2.bsf                         ; --            ; --          ; --             ;
; MISC_FILE                           ; SM2_bb.v                        ; --            ; --          ; --             ;
; MISC_FILE                           ; SM2.cmp                         ; --            ; --          ; --             ;
; MISC_FILE                           ; CT3.bsf                         ; --            ; --          ; --             ;
; MISC_FILE                           ; CT3_bb.v                        ; --            ; --          ; --             ;
; MISC_FILE                           ; CT3.cmp                         ; --            ; --          ; --             ;
; MISC_FILE                           ; Rg_1.tdf                        ; --            ; --          ; --             ;
; MISC_FILE                           ; Rg_1.bsf                        ; --            ; --          ; --             ;
; MISC_FILE                           ; Rg_1.cmp                        ; --            ; --          ; --             ;
; MISC_FILE                           ; Rg_3.bsf                        ; --            ; --          ; --             ;
; MISC_FILE                           ; Rg_3_bb.v                       ; --            ; --          ; --             ;
; MISC_FILE                           ; Rg_3.cmp                        ; --            ; --          ; --             ;
; MISC_FILE                           ; MUX0.bsf                        ; --            ; --          ; --             ;
; MISC_FILE                           ; MUX0_bb.v                       ; --            ; --          ; --             ;
; MISC_FILE                           ; MUX0.cmp                        ; --            ; --          ; --             ;
; MISC_FILE                           ; CT.bsf                          ; --            ; --          ; --             ;
; MISC_FILE                           ; CT_bb.v                         ; --            ; --          ; --             ;
; MISC_FILE                           ; CT.cmp                          ; --            ; --          ; --             ;
; NOMINAL_CORE_SUPPLY_VOLTAGE         ; 1.2V                            ; --            ; --          ; --             ;
; PARTITION_COLOR                     ; 16764057                        ; --            ; ALUUAPR     ; Top            ;
; PARTITION_COLOR                     ; 16764057                        ; --            ; lab1        ; Top            ;
; PARTITION_COLOR                     ; 16764057                        ; --            ; test3       ; Top            ;
; PARTITION_FITTER_PRESERVATION_LEVEL ; PLACEMENT_AND_ROUTING           ; --            ; test3       ; Top            ;
; PARTITION_NETLIST_TYPE              ; SOURCE                          ; --            ; ALUUAPR     ; Top            ;
; PARTITION_NETLIST_TYPE              ; SOURCE                          ; --            ; lab1        ; Top            ;
; PARTITION_NETLIST_TYPE              ; SOURCE                          ; --            ; test3       ; Top            ;
; TOP_LEVEL_ENTITY                    ; lab1                            ; lab           ; --          ; --             ;
; USE_GENERATED_PHYSICAL_CONSTRAINTS  ; Off                             ; --            ; --          ; eda_blast_fpga ;
+-------------------------------------+---------------------------------+---------------+-------------+----------------+


+--------------------------------------------------------------------------------------------------------------------------+
; Flow Elapsed Time                                                                                                        ;
+----------------------+--------------+-------------------------+---------------------+------------------------------------+
; Module Name          ; Elapsed Time ; Average Processors Used ; Peak Virtual Memory ; Total CPU Time (on all processors) ;
+----------------------+--------------+-------------------------+---------------------+------------------------------------+
; Analysis & Synthesis ; 00:00:11     ; 1.0                     ; 272 MB              ; 00:00:11                           ;
; Total                ; 00:00:11     ; --                      ; --                  ; 00:00:11                           ;
+----------------------+--------------+-------------------------+---------------------+------------------------------------+


+---------------------------------------------------------------------------------------+
; Flow OS Summary                                                                       ;
+----------------------+------------------+---------------+------------+----------------+
; Module Name          ; Machine Hostname ; OS Name       ; OS Version ; Processor type ;
+----------------------+------------------+---------------+------------+----------------+
; Analysis & Synthesis ; DESKTOP-1E6DE70  ; Windows Vista ; 6.2        ; x86_64         ;
+----------------------+------------------+---------------+------------+----------------+


------------
; Flow Log ;
------------
quartus_map --read_settings_files=on --write_settings_files=off lab -c lab



