------------------------------------------------------------
TimeQuest Timing Analyzer Summary
------------------------------------------------------------

Type  : Slow 1200mV 85C Model Setup 'lab:inst4|UA:inst100|y[11]'
Slack : -7.852
TNS   : -7.852

Type  : Slow 1200mV 85C Model Setup 'lab:inst4|UA:inst100|y[17]'
Slack : -4.990
TNS   : -4.990

Type  : Slow 1200mV 85C Model Setup 'USBBridge:inst|USBRDn'
Slack : -4.918
TNS   : -453.801

Type  : Slow 1200mV 85C Model Setup 'inst1|altpll_component|auto_generated|pll1|clk[0]'
Slack : -4.903
TNS   : -141.123

Type  : Slow 1200mV 85C Model Setup 'lab:inst4|UA:inst100|y[1]'
Slack : -2.292
TNS   : -2.292

Type  : Slow 1200mV 85C Model Setup 'USBBridge:inst|Z_ALTERA_SYNTHESIZED'
Slack : -2.215
TNS   : -54.481

Type  : Slow 1200mV 85C Model Hold 'inst1|altpll_component|auto_generated|pll1|clk[0]'
Slack : -0.538
TNS   : -7.100

Type  : Slow 1200mV 85C Model Hold 'USBBridge:inst|USBRDn'
Slack : 0.345
TNS   : 0.000

Type  : Slow 1200mV 85C Model Hold 'USBBridge:inst|Z_ALTERA_SYNTHESIZED'
Slack : 0.799
TNS   : 0.000

Type  : Slow 1200mV 85C Model Hold 'lab:inst4|UA:inst100|y[11]'
Slack : 2.464
TNS   : 0.000

Type  : Slow 1200mV 85C Model Hold 'lab:inst4|UA:inst100|y[1]'
Slack : 2.726
TNS   : 0.000

Type  : Slow 1200mV 85C Model Hold 'lab:inst4|UA:inst100|y[17]'
Slack : 3.739
TNS   : 0.000

Type  : Slow 1200mV 85C Model Recovery 'lab:inst4|UA:inst100|y[17]'
Slack : -4.302
TNS   : -4.302

Type  : Slow 1200mV 85C Model Recovery 'lab:inst4|UA:inst100|y[24]'
Slack : -4.002
TNS   : -4.002

Type  : Slow 1200mV 85C Model Recovery 'lab:inst4|UA:inst100|y[23]'
Slack : -3.990
TNS   : -3.990

Type  : Slow 1200mV 85C Model Recovery 'lab:inst4|UA:inst100|y[11]'
Slack : -3.609
TNS   : -3.609

Type  : Slow 1200mV 85C Model Recovery 'USBBridge:inst|USBRDn'
Slack : -1.783
TNS   : -3.396

Type  : Slow 1200mV 85C Model Recovery 'inst1|altpll_component|auto_generated|pll1|clk[0]'
Slack : -1.633
TNS   : -6.006

Type  : Slow 1200mV 85C Model Removal 'inst1|altpll_component|auto_generated|pll1|clk[0]'
Slack : 1.147
TNS   : 0.000

Type  : Slow 1200mV 85C Model Removal 'USBBridge:inst|USBRDn'
Slack : 1.354
TNS   : 0.000

Type  : Slow 1200mV 85C Model Removal 'lab:inst4|UA:inst100|y[11]'
Slack : 3.394
TNS   : 0.000

Type  : Slow 1200mV 85C Model Removal 'lab:inst4|UA:inst100|y[24]'
Slack : 3.867
TNS   : 0.000

Type  : Slow 1200mV 85C Model Removal 'lab:inst4|UA:inst100|y[23]'
Slack : 3.884
TNS   : 0.000

Type  : Slow 1200mV 85C Model Removal 'lab:inst4|UA:inst100|y[17]'
Slack : 4.136
TNS   : 0.000

Type  : Slow 1200mV 85C Model Minimum Pulse Width 'USBBridge:inst|USBRDn'
Slack : -1.487
TNS   : -172.492

Type  : Slow 1200mV 85C Model Minimum Pulse Width 'USBBridge:inst|Z_ALTERA_SYNTHESIZED'
Slack : -1.487
TNS   : -47.584

Type  : Slow 1200mV 85C Model Minimum Pulse Width 'lab:inst4|UA:inst100|y[11]'
Slack : -1.487
TNS   : -1.487

Type  : Slow 1200mV 85C Model Minimum Pulse Width 'lab:inst4|UA:inst100|y[17]'
Slack : -1.487
TNS   : -1.487

Type  : Slow 1200mV 85C Model Minimum Pulse Width 'lab:inst4|UA:inst100|y[1]'
Slack : -1.487
TNS   : -1.487

Type  : Slow 1200mV 85C Model Minimum Pulse Width 'lab:inst4|UA:inst100|y[23]'
Slack : -1.487
TNS   : -1.487

Type  : Slow 1200mV 85C Model Minimum Pulse Width 'lab:inst4|UA:inst100|y[24]'
Slack : -1.487
TNS   : -1.487

Type  : Slow 1200mV 85C Model Minimum Pulse Width 'clk_25mhz'
Slack : 19.929
TNS   : 0.000

Type  : Slow 1200mV 85C Model Minimum Pulse Width 'inst1|altpll_component|auto_generated|pll1|clk[0]'
Slack : 499.556
TNS   : 0.000

Type  : Slow 1200mV 0C Model Setup 'lab:inst4|UA:inst100|y[11]'
Slack : -7.110
TNS   : -7.110

Type  : Slow 1200mV 0C Model Setup 'lab:inst4|UA:inst100|y[17]'
Slack : -4.604
TNS   : -4.604

Type  : Slow 1200mV 0C Model Setup 'USBBridge:inst|USBRDn'
Slack : -4.551
TNS   : -423.468

Type  : Slow 1200mV 0C Model Setup 'inst1|altpll_component|auto_generated|pll1|clk[0]'
Slack : -4.376
TNS   : -117.568

Type  : Slow 1200mV 0C Model Setup 'USBBridge:inst|Z_ALTERA_SYNTHESIZED'
Slack : -2.182
TNS   : -54.466

Type  : Slow 1200mV 0C Model Setup 'lab:inst4|UA:inst100|y[1]'
Slack : -2.007
TNS   : -2.007

Type  : Slow 1200mV 0C Model Hold 'inst1|altpll_component|auto_generated|pll1|clk[0]'
Slack : -0.756
TNS   : -4.181

Type  : Slow 1200mV 0C Model Hold 'USBBridge:inst|USBRDn'
Slack : 0.407
TNS   : 0.000

Type  : Slow 1200mV 0C Model Hold 'USBBridge:inst|Z_ALTERA_SYNTHESIZED'
Slack : 0.940
TNS   : 0.000

Type  : Slow 1200mV 0C Model Hold 'lab:inst4|UA:inst100|y[11]'
Slack : 2.225
TNS   : 0.000

Type  : Slow 1200mV 0C Model Hold 'lab:inst4|UA:inst100|y[1]'
Slack : 2.489
TNS   : 0.000

Type  : Slow 1200mV 0C Model Hold 'lab:inst4|UA:inst100|y[17]'
Slack : 3.417
TNS   : 0.000

Type  : Slow 1200mV 0C Model Recovery 'lab:inst4|UA:inst100|y[17]'
Slack : -4.077
TNS   : -4.077

Type  : Slow 1200mV 0C Model Recovery 'lab:inst4|UA:inst100|y[24]'
Slack : -3.780
TNS   : -3.780

Type  : Slow 1200mV 0C Model Recovery 'lab:inst4|UA:inst100|y[23]'
Slack : -3.746
TNS   : -3.746

Type  : Slow 1200mV 0C Model Recovery 'lab:inst4|UA:inst100|y[11]'
Slack : -3.406
TNS   : -3.406

Type  : Slow 1200mV 0C Model Recovery 'USBBridge:inst|USBRDn'
Slack : -1.549
TNS   : -2.942

Type  : Slow 1200mV 0C Model Recovery 'inst1|altpll_component|auto_generated|pll1|clk[0]'
Slack : -1.341
TNS   : -4.962

Type  : Slow 1200mV 0C Model Removal 'inst1|altpll_component|auto_generated|pll1|clk[0]'
Slack : 1.016
TNS   : 0.000

Type  : Slow 1200mV 0C Model Removal 'USBBridge:inst|USBRDn'
Slack : 1.283
TNS   : 0.000

Type  : Slow 1200mV 0C Model Removal 'lab:inst4|UA:inst100|y[11]'
Slack : 3.218
TNS   : 0.000

Type  : Slow 1200mV 0C Model Removal 'lab:inst4|UA:inst100|y[24]'
Slack : 3.754
TNS   : 0.000

Type  : Slow 1200mV 0C Model Removal 'lab:inst4|UA:inst100|y[23]'
Slack : 3.761
TNS   : 0.000

Type  : Slow 1200mV 0C Model Removal 'lab:inst4|UA:inst100|y[17]'
Slack : 3.934
TNS   : 0.000

Type  : Slow 1200mV 0C Model Minimum Pulse Width 'USBBridge:inst|USBRDn'
Slack : -1.487
TNS   : -172.492

Type  : Slow 1200mV 0C Model Minimum Pulse Width 'USBBridge:inst|Z_ALTERA_SYNTHESIZED'
Slack : -1.487
TNS   : -47.584

Type  : Slow 1200mV 0C Model Minimum Pulse Width 'lab:inst4|UA:inst100|y[11]'
Slack : -1.487
TNS   : -1.487

Type  : Slow 1200mV 0C Model Minimum Pulse Width 'lab:inst4|UA:inst100|y[17]'
Slack : -1.487
TNS   : -1.487

Type  : Slow 1200mV 0C Model Minimum Pulse Width 'lab:inst4|UA:inst100|y[1]'
Slack : -1.487
TNS   : -1.487

Type  : Slow 1200mV 0C Model Minimum Pulse Width 'lab:inst4|UA:inst100|y[23]'
Slack : -1.487
TNS   : -1.487

Type  : Slow 1200mV 0C Model Minimum Pulse Width 'lab:inst4|UA:inst100|y[24]'
Slack : -1.487
TNS   : -1.487

Type  : Slow 1200mV 0C Model Minimum Pulse Width 'clk_25mhz'
Slack : 19.917
TNS   : 0.000

Type  : Slow 1200mV 0C Model Minimum Pulse Width 'inst1|altpll_component|auto_generated|pll1|clk[0]'
Slack : 499.424
TNS   : 0.000

Type  : Fast 1200mV 0C Model Setup 'lab:inst4|UA:inst100|y[11]'
Slack : -2.968
TNS   : -2.968

Type  : Fast 1200mV 0C Model Setup 'inst1|altpll_component|auto_generated|pll1|clk[0]'
Slack : -1.808
TNS   : -23.093

Type  : Fast 1200mV 0C Model Setup 'lab:inst4|UA:inst100|y[17]'
Slack : -1.788
TNS   : -1.788

Type  : Fast 1200mV 0C Model Setup 'USBBridge:inst|USBRDn'
Slack : -1.656
TNS   : -132.616

Type  : Fast 1200mV 0C Model Setup 'USBBridge:inst|Z_ALTERA_SYNTHESIZED'
Slack : -0.730
TNS   : -14.119

Type  : Fast 1200mV 0C Model Setup 'lab:inst4|UA:inst100|y[1]'
Slack : -0.486
TNS   : -0.486

Type  : Fast 1200mV 0C Model Hold 'inst1|altpll_component|auto_generated|pll1|clk[0]'
Slack : -0.400
TNS   : -11.677

Type  : Fast 1200mV 0C Model Hold 'USBBridge:inst|USBRDn'
Slack : -0.133
TNS   : -2.470

Type  : Fast 1200mV 0C Model Hold 'USBBridge:inst|Z_ALTERA_SYNTHESIZED'
Slack : 0.458
TNS   : 0.000

Type  : Fast 1200mV 0C Model Hold 'lab:inst4|UA:inst100|y[11]'
Slack : 1.079
TNS   : 0.000

Type  : Fast 1200mV 0C Model Hold 'lab:inst4|UA:inst100|y[1]'
Slack : 1.227
TNS   : 0.000

Type  : Fast 1200mV 0C Model Hold 'lab:inst4|UA:inst100|y[17]'
Slack : 1.461
TNS   : 0.000

Type  : Fast 1200mV 0C Model Recovery 'lab:inst4|UA:inst100|y[17]'
Slack : -1.290
TNS   : -1.290

Type  : Fast 1200mV 0C Model Recovery 'lab:inst4|UA:inst100|y[23]'
Slack : -1.122
TNS   : -1.122

Type  : Fast 1200mV 0C Model Recovery 'lab:inst4|UA:inst100|y[24]'
Slack : -1.092
TNS   : -1.092

Type  : Fast 1200mV 0C Model Recovery 'lab:inst4|UA:inst100|y[11]'
Slack : -0.986
TNS   : -0.986

Type  : Fast 1200mV 0C Model Recovery 'USBBridge:inst|USBRDn'
Slack : -0.302
TNS   : -0.537

Type  : Fast 1200mV 0C Model Recovery 'inst1|altpll_component|auto_generated|pll1|clk[0]'
Slack : -0.197
TNS   : -0.560

Type  : Fast 1200mV 0C Model Removal 'inst1|altpll_component|auto_generated|pll1|clk[0]'
Slack : 0.366
TNS   : 0.000

Type  : Fast 1200mV 0C Model Removal 'USBBridge:inst|USBRDn'
Slack : 0.534
TNS   : 0.000

Type  : Fast 1200mV 0C Model Removal 'lab:inst4|UA:inst100|y[11]'
Slack : 1.310
TNS   : 0.000

Type  : Fast 1200mV 0C Model Removal 'lab:inst4|UA:inst100|y[24]'
Slack : 1.485
TNS   : 0.000

Type  : Fast 1200mV 0C Model Removal 'lab:inst4|UA:inst100|y[23]'
Slack : 1.492
TNS   : 0.000

Type  : Fast 1200mV 0C Model Removal 'lab:inst4|UA:inst100|y[17]'
Slack : 1.613
TNS   : 0.000

Type  : Fast 1200mV 0C Model Minimum Pulse Width 'USBBridge:inst|USBRDn'
Slack : -1.000
TNS   : -116.000

Type  : Fast 1200mV 0C Model Minimum Pulse Width 'USBBridge:inst|Z_ALTERA_SYNTHESIZED'
Slack : -1.000
TNS   : -32.000

Type  : Fast 1200mV 0C Model Minimum Pulse Width 'lab:inst4|UA:inst100|y[11]'
Slack : -1.000
TNS   : -1.000

Type  : Fast 1200mV 0C Model Minimum Pulse Width 'lab:inst4|UA:inst100|y[17]'
Slack : -1.000
TNS   : -1.000

Type  : Fast 1200mV 0C Model Minimum Pulse Width 'lab:inst4|UA:inst100|y[1]'
Slack : -1.000
TNS   : -1.000

Type  : Fast 1200mV 0C Model Minimum Pulse Width 'lab:inst4|UA:inst100|y[23]'
Slack : -1.000
TNS   : -1.000

Type  : Fast 1200mV 0C Model Minimum Pulse Width 'lab:inst4|UA:inst100|y[24]'
Slack : -1.000
TNS   : -1.000

Type  : Fast 1200mV 0C Model Minimum Pulse Width 'clk_25mhz'
Slack : 19.597
TNS   : 0.000

Type  : Fast 1200mV 0C Model Minimum Pulse Width 'inst1|altpll_component|auto_generated|pll1|clk[0]'
Slack : 499.643
TNS   : 0.000

------------------------------------------------------------
