------------------------------------------------------------
TimeQuest Timing Analyzer Summary
------------------------------------------------------------

Type  : Slow 1200mV 85C Model Setup 'lab:inst4|UA:inst100|y[11]'
Slack : -8.183
TNS   : -8.183

Type  : Slow 1200mV 85C Model Setup 'lab:inst4|UA:inst100|y[17]'
Slack : -6.639
TNS   : -6.639

Type  : Slow 1200mV 85C Model Setup 'USBBridge:inst|USBRDn'
Slack : -4.753
TNS   : -393.818

Type  : Slow 1200mV 85C Model Setup 'inst1|altpll_component|auto_generated|pll1|clk[0]'
Slack : -3.421
TNS   : -124.125

Type  : Slow 1200mV 85C Model Setup 'USBBridge:inst|Z_ALTERA_SYNTHESIZED'
Slack : -2.905
TNS   : -72.289

Type  : Slow 1200mV 85C Model Setup 'lab:inst4|UA:inst100|y[1]'
Slack : -1.804
TNS   : -1.804

Type  : Slow 1200mV 85C Model Hold 'inst1|altpll_component|auto_generated|pll1|clk[0]'
Slack : -0.888
TNS   : -14.741

Type  : Slow 1200mV 85C Model Hold 'USBBridge:inst|USBRDn'
Slack : -0.108
TNS   : -0.813

Type  : Slow 1200mV 85C Model Hold 'USBBridge:inst|Z_ALTERA_SYNTHESIZED'
Slack : 1.435
TNS   : 0.000

Type  : Slow 1200mV 85C Model Hold 'lab:inst4|UA:inst100|y[1]'
Slack : 2.259
TNS   : 0.000

Type  : Slow 1200mV 85C Model Hold 'lab:inst4|UA:inst100|y[11]'
Slack : 3.256
TNS   : 0.000

Type  : Slow 1200mV 85C Model Hold 'lab:inst4|UA:inst100|y[17]'
Slack : 4.522
TNS   : 0.000

Type  : Slow 1200mV 85C Model Recovery 'lab:inst4|UA:inst100|y[24]'
Slack : -4.837
TNS   : -4.837

Type  : Slow 1200mV 85C Model Recovery 'lab:inst4|UA:inst100|y[17]'
Slack : -4.661
TNS   : -4.661

Type  : Slow 1200mV 85C Model Recovery 'lab:inst4|UA:inst100|y[23]'
Slack : -4.472
TNS   : -4.472

Type  : Slow 1200mV 85C Model Recovery 'lab:inst4|UA:inst100|y[11]'
Slack : -4.305
TNS   : -4.305

Type  : Slow 1200mV 85C Model Recovery 'USBBridge:inst|USBRDn'
Slack : -2.692
TNS   : -5.374

Type  : Slow 1200mV 85C Model Recovery 'inst1|altpll_component|auto_generated|pll1|clk[0]'
Slack : -0.632
TNS   : -2.452

Type  : Slow 1200mV 85C Model Removal 'inst1|altpll_component|auto_generated|pll1|clk[0]'
Slack : 0.161
TNS   : 0.000

Type  : Slow 1200mV 85C Model Removal 'USBBridge:inst|USBRDn'
Slack : 1.827
TNS   : 0.000

Type  : Slow 1200mV 85C Model Removal 'lab:inst4|UA:inst100|y[11]'
Slack : 4.044
TNS   : 0.000

Type  : Slow 1200mV 85C Model Removal 'lab:inst4|UA:inst100|y[23]'
Slack : 4.288
TNS   : 0.000

Type  : Slow 1200mV 85C Model Removal 'lab:inst4|UA:inst100|y[17]'
Slack : 4.482
TNS   : 0.000

Type  : Slow 1200mV 85C Model Removal 'lab:inst4|UA:inst100|y[24]'
Slack : 4.598
TNS   : 0.000

Type  : Slow 1200mV 85C Model Minimum Pulse Width 'USBBridge:inst|USBRDn'
Slack : -1.487
TNS   : -172.492

Type  : Slow 1200mV 85C Model Minimum Pulse Width 'USBBridge:inst|Z_ALTERA_SYNTHESIZED'
Slack : -1.487
TNS   : -47.584

Type  : Slow 1200mV 85C Model Minimum Pulse Width 'lab:inst4|UA:inst100|y[11]'
Slack : -1.487
TNS   : -1.487

Type  : Slow 1200mV 85C Model Minimum Pulse Width 'lab:inst4|UA:inst100|y[17]'
Slack : -1.487
TNS   : -1.487

Type  : Slow 1200mV 85C Model Minimum Pulse Width 'lab:inst4|UA:inst100|y[1]'
Slack : -1.487
TNS   : -1.487

Type  : Slow 1200mV 85C Model Minimum Pulse Width 'lab:inst4|UA:inst100|y[23]'
Slack : -1.487
TNS   : -1.487

Type  : Slow 1200mV 85C Model Minimum Pulse Width 'lab:inst4|UA:inst100|y[24]'
Slack : -1.487
TNS   : -1.487

Type  : Slow 1200mV 85C Model Minimum Pulse Width 'clk_25mhz'
Slack : 19.929
TNS   : 0.000

Type  : Slow 1200mV 85C Model Minimum Pulse Width 'inst1|altpll_component|auto_generated|pll1|clk[0]'
Slack : 499.671
TNS   : 0.000

Type  : Slow 1200mV 0C Model Setup 'lab:inst4|UA:inst100|y[11]'
Slack : -7.476
TNS   : -7.476

Type  : Slow 1200mV 0C Model Setup 'lab:inst4|UA:inst100|y[17]'
Slack : -6.022
TNS   : -6.022

Type  : Slow 1200mV 0C Model Setup 'USBBridge:inst|USBRDn'
Slack : -4.425
TNS   : -362.259

Type  : Slow 1200mV 0C Model Setup 'inst1|altpll_component|auto_generated|pll1|clk[0]'
Slack : -2.979
TNS   : -106.393

Type  : Slow 1200mV 0C Model Setup 'USBBridge:inst|Z_ALTERA_SYNTHESIZED'
Slack : -2.813
TNS   : -68.677

Type  : Slow 1200mV 0C Model Setup 'lab:inst4|UA:inst100|y[1]'
Slack : -1.549
TNS   : -1.549

Type  : Slow 1200mV 0C Model Hold 'inst1|altpll_component|auto_generated|pll1|clk[0]'
Slack : -1.130
TNS   : -9.753

Type  : Slow 1200mV 0C Model Hold 'USBBridge:inst|USBRDn'
Slack : 0.034
TNS   : 0.000

Type  : Slow 1200mV 0C Model Hold 'USBBridge:inst|Z_ALTERA_SYNTHESIZED'
Slack : 1.460
TNS   : 0.000

Type  : Slow 1200mV 0C Model Hold 'lab:inst4|UA:inst100|y[1]'
Slack : 2.052
TNS   : 0.000

Type  : Slow 1200mV 0C Model Hold 'lab:inst4|UA:inst100|y[11]'
Slack : 2.947
TNS   : 0.000

Type  : Slow 1200mV 0C Model Hold 'lab:inst4|UA:inst100|y[17]'
Slack : 4.104
TNS   : 0.000

Type  : Slow 1200mV 0C Model Recovery 'lab:inst4|UA:inst100|y[24]'
Slack : -4.583
TNS   : -4.583

Type  : Slow 1200mV 0C Model Recovery 'lab:inst4|UA:inst100|y[17]'
Slack : -4.410
TNS   : -4.410

Type  : Slow 1200mV 0C Model Recovery 'lab:inst4|UA:inst100|y[23]'
Slack : -4.238
TNS   : -4.238

Type  : Slow 1200mV 0C Model Recovery 'lab:inst4|UA:inst100|y[11]'
Slack : -4.067
TNS   : -4.067

Type  : Slow 1200mV 0C Model Recovery 'USBBridge:inst|USBRDn'
Slack : -2.374
TNS   : -4.738

Type  : Slow 1200mV 0C Model Recovery 'inst1|altpll_component|auto_generated|pll1|clk[0]'
Slack : -0.444
TNS   : -1.704

Type  : Slow 1200mV 0C Model Removal 'inst1|altpll_component|auto_generated|pll1|clk[0]'
Slack : 0.138
TNS   : 0.000

Type  : Slow 1200mV 0C Model Removal 'USBBridge:inst|USBRDn'
Slack : 1.681
TNS   : 0.000

Type  : Slow 1200mV 0C Model Removal 'lab:inst4|UA:inst100|y[11]'
Slack : 3.832
TNS   : 0.000

Type  : Slow 1200mV 0C Model Removal 'lab:inst4|UA:inst100|y[23]'
Slack : 4.090
TNS   : 0.000

Type  : Slow 1200mV 0C Model Removal 'lab:inst4|UA:inst100|y[17]'
Slack : 4.285
TNS   : 0.000

Type  : Slow 1200mV 0C Model Removal 'lab:inst4|UA:inst100|y[24]'
Slack : 4.376
TNS   : 0.000

Type  : Slow 1200mV 0C Model Minimum Pulse Width 'USBBridge:inst|USBRDn'
Slack : -1.487
TNS   : -172.492

Type  : Slow 1200mV 0C Model Minimum Pulse Width 'USBBridge:inst|Z_ALTERA_SYNTHESIZED'
Slack : -1.487
TNS   : -47.584

Type  : Slow 1200mV 0C Model Minimum Pulse Width 'lab:inst4|UA:inst100|y[11]'
Slack : -1.487
TNS   : -1.487

Type  : Slow 1200mV 0C Model Minimum Pulse Width 'lab:inst4|UA:inst100|y[17]'
Slack : -1.487
TNS   : -1.487

Type  : Slow 1200mV 0C Model Minimum Pulse Width 'lab:inst4|UA:inst100|y[1]'
Slack : -1.487
TNS   : -1.487

Type  : Slow 1200mV 0C Model Minimum Pulse Width 'lab:inst4|UA:inst100|y[23]'
Slack : -1.487
TNS   : -1.487

Type  : Slow 1200mV 0C Model Minimum Pulse Width 'lab:inst4|UA:inst100|y[24]'
Slack : -1.487
TNS   : -1.487

Type  : Slow 1200mV 0C Model Minimum Pulse Width 'clk_25mhz'
Slack : 19.917
TNS   : 0.000

Type  : Slow 1200mV 0C Model Minimum Pulse Width 'inst1|altpll_component|auto_generated|pll1|clk[0]'
Slack : 499.499
TNS   : 0.000

Type  : Fast 1200mV 0C Model Setup 'lab:inst4|UA:inst100|y[11]'
Slack : -3.259
TNS   : -3.259

Type  : Fast 1200mV 0C Model Setup 'lab:inst4|UA:inst100|y[17]'
Slack : -2.606
TNS   : -2.606

Type  : Fast 1200mV 0C Model Setup 'USBBridge:inst|USBRDn'
Slack : -1.507
TNS   : -105.753

Type  : Fast 1200mV 0C Model Setup 'inst1|altpll_component|auto_generated|pll1|clk[0]'
Slack : -1.200
TNS   : -18.854

Type  : Fast 1200mV 0C Model Setup 'USBBridge:inst|Z_ALTERA_SYNTHESIZED'
Slack : -0.979
TNS   : -22.148

Type  : Fast 1200mV 0C Model Setup 'lab:inst4|UA:inst100|y[1]'
Slack : -0.254
TNS   : -0.254

Type  : Fast 1200mV 0C Model Hold 'inst1|altpll_component|auto_generated|pll1|clk[0]'
Slack : -0.570
TNS   : -16.605

Type  : Fast 1200mV 0C Model Hold 'USBBridge:inst|USBRDn'
Slack : -0.251
TNS   : -3.626

Type  : Fast 1200mV 0C Model Hold 'USBBridge:inst|Z_ALTERA_SYNTHESIZED'
Slack : 0.752
TNS   : 0.000

Type  : Fast 1200mV 0C Model Hold 'lab:inst4|UA:inst100|y[1]'
Slack : 1.003
TNS   : 0.000

Type  : Fast 1200mV 0C Model Hold 'lab:inst4|UA:inst100|y[11]'
Slack : 1.491
TNS   : 0.000

Type  : Fast 1200mV 0C Model Hold 'lab:inst4|UA:inst100|y[17]'
Slack : 2.041
TNS   : 0.000

Type  : Fast 1200mV 0C Model Recovery 'lab:inst4|UA:inst100|y[24]'
Slack : -1.603
TNS   : -1.603

Type  : Fast 1200mV 0C Model Recovery 'lab:inst4|UA:inst100|y[17]'
Slack : -1.500
TNS   : -1.500

Type  : Fast 1200mV 0C Model Recovery 'lab:inst4|UA:inst100|y[23]'
Slack : -1.407
TNS   : -1.407

Type  : Fast 1200mV 0C Model Recovery 'lab:inst4|UA:inst100|y[11]'
Slack : -1.351
TNS   : -1.351

Type  : Fast 1200mV 0C Model Recovery 'USBBridge:inst|USBRDn'
Slack : -0.770
TNS   : -1.536

Type  : Fast 1200mV 0C Model Recovery 'inst1|altpll_component|auto_generated|pll1|clk[0]'
Slack : 0.289
TNS   : 0.000

Type  : Fast 1200mV 0C Model Removal 'inst1|altpll_component|auto_generated|pll1|clk[0]'
Slack : -0.102
TNS   : -0.348

Type  : Fast 1200mV 0C Model Removal 'USBBridge:inst|USBRDn'
Slack : 0.768
TNS   : 0.000

Type  : Fast 1200mV 0C Model Removal 'lab:inst4|UA:inst100|y[11]'
Slack : 1.619
TNS   : 0.000

Type  : Fast 1200mV 0C Model Removal 'lab:inst4|UA:inst100|y[23]'
Slack : 1.710
TNS   : 0.000

Type  : Fast 1200mV 0C Model Removal 'lab:inst4|UA:inst100|y[17]'
Slack : 1.811
TNS   : 0.000

Type  : Fast 1200mV 0C Model Removal 'lab:inst4|UA:inst100|y[24]'
Slack : 1.873
TNS   : 0.000

Type  : Fast 1200mV 0C Model Minimum Pulse Width 'USBBridge:inst|USBRDn'
Slack : -1.000
TNS   : -116.000

Type  : Fast 1200mV 0C Model Minimum Pulse Width 'USBBridge:inst|Z_ALTERA_SYNTHESIZED'
Slack : -1.000
TNS   : -32.000

Type  : Fast 1200mV 0C Model Minimum Pulse Width 'lab:inst4|UA:inst100|y[11]'
Slack : -1.000
TNS   : -1.000

Type  : Fast 1200mV 0C Model Minimum Pulse Width 'lab:inst4|UA:inst100|y[17]'
Slack : -1.000
TNS   : -1.000

Type  : Fast 1200mV 0C Model Minimum Pulse Width 'lab:inst4|UA:inst100|y[1]'
Slack : -1.000
TNS   : -1.000

Type  : Fast 1200mV 0C Model Minimum Pulse Width 'lab:inst4|UA:inst100|y[23]'
Slack : -1.000
TNS   : -1.000

Type  : Fast 1200mV 0C Model Minimum Pulse Width 'lab:inst4|UA:inst100|y[24]'
Slack : -1.000
TNS   : -1.000

Type  : Fast 1200mV 0C Model Minimum Pulse Width 'clk_25mhz'
Slack : 19.597
TNS   : 0.000

Type  : Fast 1200mV 0C Model Minimum Pulse Width 'inst1|altpll_component|auto_generated|pll1|clk[0]'
Slack : 499.580
TNS   : 0.000

------------------------------------------------------------
